✖ mammalian geometry remains byte-identical to the original low-quality specimen (0.977584ms)
ℹ tests 1
ℹ suites 0
ℹ pass 0
ℹ fail 1
ℹ cancelled 0
ℹ skipped 0
ℹ todo 0
ℹ duration_ms 45.497666

✖ failing tests:

test at tests/model-geometry.test.js:116:1
✖ mammalian geometry remains byte-identical to the original low-quality specimen (0.977584ms)
  AssertionError [ERR_ASSERTION]: baseline fixture integrity: cell.js
  + actual - expected
  
  + 'a295819eb54076052d15f229846ebc742ca44113725f4e86f9a01dd452347b4a'
  - 'c252b94bf1e91ce57949a582759d337d2913160c1158d412151f273b777a6d42'
  
      at TestContext.<anonymous> (file:///Users/tr/Projects/cell-atlas/.git/reviews/plant-fungal-v1/fixer/source-without-git/tests/model-geometry.test.js:126:12)
      at Test.runInAsyncScope (node:async_hooks:226:14)
      at Test.run (node:internal/test_runner/test:1402:25)
      at Test.start (node:internal/test_runner/test:1262:17)
      at startSubtestAfterBootstrap (node:internal/test_runner/harness:387:17) {
    generatedMessage: false,
    code: 'ERR_ASSERTION',
    actual: 'a295819eb54076052d15f229846ebc742ca44113725f4e86f9a01dd452347b4a',
    expected: 'c252b94bf1e91ce57949a582759d337d2913160c1158d412151f273b777a6d42',
    operator: 'strictEqual',
    diff: 'simple'
  }
