✖ mammalian geometry remains byte-identical to the original low-quality specimen (0.606083ms)
ℹ tests 1
ℹ suites 0
ℹ pass 0
ℹ fail 1
ℹ cancelled 0
ℹ skipped 0
ℹ todo 0
ℹ duration_ms 47.641167

✖ failing tests:

test at tests/model-geometry.test.js:116:1
✖ mammalian geometry remains byte-identical to the original low-quality specimen (0.606083ms)
  AssertionError [ERR_ASSERTION]: baseline fixture missing: cell.js
      at TestContext.<anonymous> (file:///Users/tr/Projects/cell-atlas/tests/model-geometry.test.js:125:12)
      at Test.runInAsyncScope (node:async_hooks:226:14)
      at Test.run (node:internal/test_runner/test:1402:25)
      at Test.start (node:internal/test_runner/test:1262:17)
      at startSubtestAfterBootstrap (node:internal/test_runner/harness:387:17) {
    generatedMessage: false,
    code: 'ERR_ASSERTION',
    actual: false,
    expected: true,
    operator: '==',
    diff: 'simple'
  }
