
> cell-atlas@1.0.0 test
> node --test tests/*.test.js

✔ seeded geometry preserves explicit cellular illustration invariants (151.068541ms)
✔ walled-cell organelles stay outside the vacuole lumen (181.625458ms)
✔ mammalian/low: deterministic finite geometry and complete selectable groups (100.570542ms)
✔ mammalian/balanced: deterministic finite geometry and complete selectable groups (106.26475ms)
✔ mammalian/high: deterministic finite geometry and complete selectable groups (116.021125ms)
✔ plant/low: deterministic finite geometry and complete selectable groups (108.451167ms)
✔ plant/balanced: deterministic finite geometry and complete selectable groups (123.463167ms)
✔ plant/high: deterministic finite geometry and complete selectable groups (137.96975ms)
✔ fungal/low: deterministic finite geometry and complete selectable groups (117.7065ms)
✔ fungal/balanced: deterministic finite geometry and complete selectable groups (123.789459ms)
✔ fungal/high: deterministic finite geometry and complete selectable groups (143.091791ms)
✔ new model organelles fit within the enclosing plasma membrane (125.0295ms)
✔ disposing a specimen releases instance buffers as well as geometry and materials (48.8345ms)
✔ chloroplast grana expose layered discs rather than end-on dots in the front cutaway (47.169667ms)
✔ mammalian geometry remains byte-identical to the original low-quality specimen (97.101958ms)
✔ plant geometry has an outer wall, central tonoplast and distinct chloroplast membrane systems (50.482709ms)
✔ budding yeast has a continuous mother-bud envelope and dispersed Golgi, not plant anatomy (49.635417ms)
✔ model registry keeps mammalian defaults and scopes plant and budding yeast biology (2.014583ms)
✔ a sourced generalized mammalian interphase atlas declares its limits (0.737792ms)
ℹ tests 19
ℹ suites 0
ℹ pass 19
ℹ fail 0
ℹ cancelled 0
ℹ skipped 0
ℹ todo 0
ℹ duration_ms 1735.161417
