{
  "touchOrbit": {
    "before": [
      3.2000000000000006,
      2.7999999999999976,
      25.038461538461544
    ],
    "after": [
      -4.040853575713107,
      -0.4329460264194381,
      25.0696752338532
    ]
  },
  "pinchZoom": {
    "before": [
      -4.040853575713107,
      -0.4329460264194381,
      25.0696752338532
    ],
    "after": [
      -4.549584553824732,
      -1.3453535077383867,
      11.791100620549358
    ]
  },
  "twoFingerPan": {
    "before": [
      -4.549584553824732,
      -1.3453535077383867,
      11.791100620549358
    ],
    "after": [
      -5.90221824172428,
      -1.662900098871986,
      11.169629296111019
    ]
  },
  "tapSelection": "peroxisomes",
  "rotationControl": true,
  "labelToggle": true
}
