{
  "errors": [],
  "render": {
    "modelId": "mammalian",
    "selected": "nucleus",
    "isolated": false,
    "membrane": true,
    "wall": true,
    "labels": true,
    "clipping": 0,
    "quality": "balanced",
    "rotating": false,
    "webgl": true,
    "gpu": "ANGLE (Apple, ANGLE Metal Renderer: Apple M4, Unspecified Version)",
    "dpr": 1,
    "triangles": 659340,
    "calls": 42,
    "geometries": 34,
    "labelIds": [
      "nucleus",
      "golgi",
      "mitochondria"
    ],
    "manifest": {
      "nuclearMembranes": 2,
      "mitochondrialMembranes": 2,
      "poreSymmetry": 8,
      "chromatin": "interphase fibers",
      "golgiRibosomes": 0,
      "plantOrganelles": 0,
      "mitochondria": 14,
      "boundRibosomes": 900,
      "freeRibosomes": 1000,
      "nuclearPores": 50,
      "roughERConnected": true,
      "smoothERConnected": true,
      "corticalTopology": "irregular mesh",
      "seed": 240917,
      "modelId": "mammalian"
    },
    "camera": [
      3.2000000000000006,
      2.7999999999999976,
      25.038461538461544
    ],
    "target": [
      0,
      0,
      0
    ],
    "focusPoint": [
      -1.45,
      0.9,
      0.4
    ],
    "clippingConstant": 9,
    "transitioning": false,
    "visibleIds": [
      "nucleus",
      "nucleolus",
      "rough-er",
      "smooth-er",
      "golgi",
      "mitochondria",
      "lysosomes",
      "peroxisomes",
      "endosomes",
      "ribosomes",
      "cytoskeleton",
      "membrane"
    ]
  },
  "models": [
    {
      "id": "plant",
      "status": "passed",
      "render": {
        "modelId": "plant",
        "selected": "chloroplasts",
        "isolated": false,
        "membrane": true,
        "wall": true,
        "labels": true,
        "clipping": 0,
        "quality": "balanced",
        "rotating": false,
        "webgl": true,
        "gpu": "ANGLE (Apple, ANGLE Metal Renderer: Apple M4, Unspecified Version)",
        "dpr": 1,
        "triangles": 750764,
        "calls": 48,
        "geometries": 39,
        "labelIds": [
          "nucleus",
          "chloroplasts",
          "vacuole"
        ],
        "manifest": {
          "nuclearMembranes": 2,
          "mitochondrialMembranes": 2,
          "poreSymmetry": 8,
          "chromatin": "interphase fibers",
          "golgiRibosomes": 0,
          "plantOrganelles": 3,
          "mitochondria": 6,
          "boundRibosomes": 900,
          "freeRibosomes": 1000,
          "nuclearPores": 50,
          "roughERConnected": true,
          "smoothERConnected": true,
          "corticalTopology": "peripheral tracks",
          "seed": 240918,
          "modelId": "plant",
          "chloroplasts": 6,
          "chloroplastEnvelopeMembranes": 2,
          "vacuoleMembranes": 1,
          "wallComposition": "cellulose, hemicelluloses, pectins and proteins",
          "golgiArrangement": "discrete stacks"
        },
        "camera": [
          3.2,
          2.7999999999999994,
          30.046153846153846
        ],
        "target": [
          0,
          0,
          0
        ],
        "focusPoint": [
          5.6,
          2.75,
          0.3
        ],
        "clippingConstant": 9,
        "transitioning": false,
        "visibleIds": [
          "nucleus",
          "nucleolus",
          "rough-er",
          "smooth-er",
          "golgi",
          "mitochondria",
          "chloroplasts",
          "vacuole",
          "cell-wall",
          "peroxisomes",
          "endosomes",
          "ribosomes",
          "cytoskeleton",
          "membrane"
        ]
      }
    },
    {
      "id": "fungal",
      "status": "passed",
      "render": {
        "modelId": "fungal",
        "selected": "vacuole",
        "isolated": false,
        "membrane": true,
        "wall": true,
        "labels": true,
        "clipping": 0,
        "quality": "balanced",
        "rotating": false,
        "webgl": true,
        "gpu": "ANGLE (Apple, ANGLE Metal Renderer: Apple M4, Unspecified Version)",
        "dpr": 1,
        "triangles": 792692,
        "calls": 46,
        "geometries": 37,
        "labelIds": [
          "nucleus",
          "vacuole",
          "bud-neck"
        ],
        "manifest": {
          "nuclearMembranes": 2,
          "mitochondrialMembranes": 2,
          "poreSymmetry": 8,
          "chromatin": "interphase fibers",
          "golgiRibosomes": 0,
          "plantOrganelles": 0,
          "mitochondria": 6,
          "boundRibosomes": 900,
          "freeRibosomes": 1000,
          "nuclearPores": 50,
          "roughERConnected": true,
          "smoothERConnected": true,
          "corticalTopology": "peripheral tracks",
          "seed": 240919,
          "modelId": "fungal",
          "chloroplasts": 0,
          "vacuoleMembranes": 1,
          "wallComposition": "beta-glucans, mannoproteins and chitin",
          "golgiArrangement": "dispersed unstacked cisternae",
          "budConnection": "open"
        },
        "camera": [
          3.2000000000000006,
          2.7999999999999976,
          25.038461538461544
        ],
        "target": [
          0,
          0,
          0
        ],
        "focusPoint": [
          -0.6,
          -1.25,
          -0.3
        ],
        "clippingConstant": 9,
        "transitioning": false,
        "visibleIds": [
          "nucleus",
          "nucleolus",
          "rough-er",
          "smooth-er",
          "golgi",
          "mitochondria",
          "vacuole",
          "cell-wall",
          "bud-neck",
          "peroxisomes",
          "endosomes",
          "ribosomes",
          "cytoskeleton",
          "membrane"
        ]
      }
    },
    {
      "id": "mammalian",
      "status": "passed",
      "render": {
        "modelId": "mammalian",
        "selected": "nucleus",
        "isolated": false,
        "membrane": true,
        "wall": true,
        "labels": true,
        "clipping": 0,
        "quality": "balanced",
        "rotating": false,
        "webgl": true,
        "gpu": "ANGLE (Apple, ANGLE Metal Renderer: Apple M4, Unspecified Version)",
        "dpr": 1,
        "triangles": 659340,
        "calls": 42,
        "geometries": 34,
        "labelIds": [
          "nucleus",
          "golgi",
          "mitochondria"
        ],
        "manifest": {
          "nuclearMembranes": 2,
          "mitochondrialMembranes": 2,
          "poreSymmetry": 8,
          "chromatin": "interphase fibers",
          "golgiRibosomes": 0,
          "plantOrganelles": 0,
          "mitochondria": 14,
          "boundRibosomes": 900,
          "freeRibosomes": 1000,
          "nuclearPores": 50,
          "roughERConnected": true,
          "smoothERConnected": true,
          "corticalTopology": "irregular mesh",
          "seed": 240917,
          "modelId": "mammalian"
        },
        "camera": [
          3.2000000000000006,
          2.7999999999999976,
          25.038461538461544
        ],
        "target": [
          0,
          0,
          0
        ],
        "focusPoint": [
          -1.45,
          0.9,
          0.4
        ],
        "clippingConstant": 9,
        "transitioning": false,
        "visibleIds": [
          "nucleus",
          "nucleolus",
          "rough-er",
          "smooth-er",
          "golgi",
          "mitochondria",
          "lysosomes",
          "peroxisomes",
          "endosomes",
          "ribosomes",
          "cytoskeleton",
          "membrane"
        ]
      }
    }
  ],
  "status": "passed",
  "subpath": "/cell-atlas/"
}
